// Jest Snapshot v1, https://goo.gl/fbAQLP

exports[`App.test.js has the expected html structure 1`] = `
<div
  id="app"
>
  <img
    src="./assets/logo.png"
  />

  <ul>
    <li>

        Cat

    </li>
  </ul>

  <router-view />
</div>
`;
